 class:{
  magic:3405691582
  minor_version:0
  major_version:50
  constant_pool:
   {
  constant_pool[0]:{
   }
   }
   {
  constant_pool[1]:{
  constant_pool[1]:{
   class_index:3
   name_and_type_index:14
   }
   }
   }
   {
  constant_pool[2]:{
  constant_pool[2]:15
   }
   }
   {
  constant_pool[3]:{
  constant_pool[3]:16
   }
   }
   {
  constant_pool[4]:{
  constant_pool[4]:fooA
   }
   }
   {
  constant_pool[5]:{
  constant_pool[5]:I
   }
   }
   {
  constant_pool[6]:{
  constant_pool[6]:fooB
   }
   }
   {
  constant_pool[7]:{
  constant_pool[7]:F
   }
   }
   {
  constant_pool[8]:{
  constant_pool[8]:<init>
   }
   }
   {
  constant_pool[9]:{
  constant_pool[9]:()V
   }
   }
   {
  constant_pool[10]:{
  constant_pool[10]:Code
   }
   }
   {
  constant_pool[11]:{
  constant_pool[11]:LineNumberTable
   }
   }
   {
  constant_pool[12]:{
  constant_pool[12]:SourceFile
   }
   }
   {
  constant_pool[13]:{
  constant_pool[13]:test1.java
   }
   }
   {
  constant_pool[14]:{
  constant_pool[14]:{
   name_index:8
   descriptor_index:9
   }
   }
   }
   {
  constant_pool[15]:{
  constant_pool[15]:test1
   }
   }
   {
  constant_pool[16]:{
  constant_pool[16]:java/lang/Object
   }
   }
  access_flags:32
  this_class:2
  super_class:3
  interfaces:
  fields:
   {
  fields[0]:{
   access_flags:0
   name_index:4
   descriptor_index:5
   attributes:
   }
   }
   {
  fields[1]:{
   access_flags:1
   name_index:6
   descriptor_index:7
   attributes:
   }
   }
  methods:
   {
  methods[0]:{
   access_flags:0
   name_index:8
   descriptor_index:9
   attributes:
    {
   attributes[0]:{
    attribute_name_index:10
    info:     00 01 00 01 00 00 00 05 2a b7 00 01 b1 00 00 00 01 00 0b 00 00 00 06 00 01 00 00 00 01
    }
    }
   }
   }
  attributes:
   {
  attributes[0]:{
   attribute_name_index:c
   info:    00 0d
   }
   }
  }
